ad@LAPTOP-S9QOFJHD MINGW64 ~/OneDrive/Tài liệu/23_Nguyen_Thi_Thanh_Huong_BT_chuong_3
$ git clone https://github.com/ntthuong25174600070/23_Nguyen_Thi_Thanh_Huong_BT_chuong_3.git
Cloning into '23_Nguyen_Thi_Thanh_Huong_BT_chuong_3'...
remote: Enumerating objects: 3, done.
remote: Counting objects: 100% (3/3), done.
remote: Total 3 (delta 0), reused 0 (delta 0), pack-reused 0 (from 0)
Receiving objects: 100% (3/3), done.

ad@LAPTOP-S9QOFJHD MINGW64 ~/OneDrive/Tài liệu/23_Nguyen_Thi_Thanh_Huong_BT_chuong_3
$ ls
23_Nguyen_Thi_Thanh_Huong_BT_chuong_3/

ad@LAPTOP-S9QOFJHD MINGW64 ~/OneDrive/Tài liệu/23_Nguyen_Thi_Thanh_Huong_BT_chuong_3/23_Nguyen_Thi_Thanh_Huong_BT_chuong_3 (main)
$ git status
On branch main
Your branch is up to date with 'origin/main'.

Changes not staged for commit:
  (use "git add <file>..." to update what will be committed)
  (use "git restore <file>..." to discard changes in working directory)
        modified:   README.md

no changes added to commit (use "git add" and/or "git commit -a")

ad@LAPTOP-S9QOFJHD MINGW64 ~/OneDrive/Tài liệu/23_Nguyen_Thi_Thanh_Huong_BT_chuong_3/23_Nguyen_Thi_Thanh_Huong_BT_chuong_3 (main)
$ git add .

ad@LAPTOP-S9QOFJHD MINGW64 ~/OneDrive/Tài liệu/23_Nguyen_Thi_Thanh_Huong_BT_chuong_3/23_Nguyen_Thi_Thanh_Huong_BT_chuong_3 (main)
$ git commit -m "Update REAME.md with Lorem ipsum text"
[main 9067f98] Update REAME.md with Lorem ipsum text
 1 file changed, 18 insertions(+), 1 deletion(-)

ad@LAPTOP-S9QOFJHD MINGW64 ~/OneDrive/Tài liệu/23_Nguyen_Thi_Thanh_Huong_BT_chuong_3/23_Nguyen_Thi_Thanh_Huong_BT_chuong_3 (main)
$ git push origin main
To https://github.com/ntthuong25174600070/23_Nguyen_Thi_Thanh_Huong_BT_chuong_3.git
 ! [rejected]        main -> main (fetch first)
error: failed to push some refs to 'https://github.com/ntthuong25174600070/23_Nguyen_Thi_Thanh_Huong_BT_chuong_3.git'
hint: Updates were rejected because the remote contains work that you do not
hint: have locally. This is usually caused by another repository pushing to
hint: the same ref. If you want to integrate the remote changes, use
hint: 'git pull' before pushing again.
hint: See the 'Note about fast-forwards' in 'git push --help' for details.

ad@LAPTOP-S9QOFJHD MINGW64 ~/OneDrive/Tài liệu/23_Nguyen_Thi_Thanh_Huong_BT_chuong_3/23_Nguyen_Thi_Thanh_Huong_BT_chuong_3 (main)

ad@LAPTOP-S9QOFJHD MINGW64 ~/OneDrive/Tài liệu/23_Nguyen_Thi_Thanh_Huong_BT_chuong_3/23_Nguyen_Thi_Thanh_Huong_BT_chuong_3 (main)
$ git checkout -b branch_1
Switched to a new branch 'branch_1'

ad@LAPTOP-S9QOFJHD MINGW64 ~/OneDrive/Tài liệu/23_Nguyen_Thi_Thanh_Huong_BT_chuong_3/23_Nguyen_Thi_Thanh_Huong_BT_chuong_3 (branch_1)
$ echo "Lorem ipsum dolor sit amet, consectetur adipiscing elit." > text_branch_1.txt
ad@LAPTOP-S9QOFJHD MINGW64 ~/OneDrive/Tài liệu/23_Nguyen_Thi_Thanh_Huong_BT_chuong_3/23_Nguyen_Thi_Thanh_Huong_BT_chuong_3 (branch_1)
$ git add text_branch_1.txt

ad@LAPTOP-S9QOFJHD MINGW64 ~/OneDrive/Tài liệu/23_Nguyen_Thi_Thanh_Huong_BT_chuong_3/23_Nguyen_Thi_Thanh_Huong_BT_chuong_3 (branch_1)
$ git commit -m "Add text_branch_1.txt with Lorem ipsum content"
[branch_1 34ed920] Add text_branch_1.txt with Lorem ipsum content
 1 file changed, 1 insertion(+)
 create mode 100644 text_branch_1.txt

ad@LAPTOP-S9QOFJHD MINGW64 ~/OneDrive/Tài liệu/23_Nguyen_Thi_Thanh_Huong_BT_chuong_3/23_Nguyen_Thi_Thanh_Huong_BT_chuong_3 (branch_1)
$ git push origin branch_1
Enumerating objects: 9, done.
Counting objects: 100% (9/9), done.
Delta compression using up to 16 threads
Compressing objects: 100% (6/6), done.
Writing objects: 100% (9/9), 1.84 KiB | 940.00 KiB/s, done.
Total 9 (delta 0), reused 3 (delta 0), pack-reused 0 (from 0)
remote:
remote: Create a pull request for 'branch_1' on GitHub by visiting:
remote:      https://github.com/ntthuong25174600070/23_Nguyen_Thi_Thanh_Huong_BT_chuong_3/pull/new/branch_1
remote:
To https://github.com/ntthuong25174600070/23_Nguyen_Thi_Thanh_Huong_BT_chuong_3.git
 * [new branch]      branch_1 -> branch_1

ad@LAPTOP-S9QOFJHD MINGW64 ~/OneDrive/Tài liệu/23_Nguyen_Thi_Thanh_Huong_BT_chuong_3/23_Nguyen_Thi_Thanh_Huong_BT_chuong_3 (branch_1)
$ git checkout main
Switched to branch 'main'
Your branch is ahead of 'origin/main' by 1 commit.
  (use "git push" to publish your local commits)

ad@LAPTOP-S9QOFJHD MINGW64 ~/OneDrive/Tài liệu/23_Nguyen_Thi_Thanh_Huong_BT_chuong_3/23_Nguyen_Thi_Thanh_Huong_BT_chuong_3 (main)
$ git checkout -b branch_2
Switched to a new branch 'branch_2'

ad@LAPTOP-S9QOFJHD MINGW64 ~/OneDrive/Tài liệu/23_Nguyen_Thi_Thanh_Huong_BT_chuong_3/23_Nguyen_Thi_Thanh_Huong_BT_chuong_3 (branch_2)
$ echo "Praesent ullamcorper orci eu erat placerat sodales." > text_branch_2.txt
ad@LAPTOP-S9QOFJHD MINGW64 ~/OneDrive/Tài liệu/23_Nguyen_Thi_Thanh_Huong_BT_chuong_3/23_Nguyen_Thi_Thanh_Huong_BT_chuong_3 (branch_2)
$ git add text_branch_2.txt

ad@LAPTOP-S9QOFJHD MINGW64 ~/OneDrive/Tài liệu/23_Nguyen_Thi_Thanh_Huong_BT_chuong_3/23_Nguyen_Thi_Thanh_Huong_BT_chuong_3 (branch_2)
$ git commit -m "Add text_branch_2.txt with Praesent ullamcorper content"
[branch_2 0d67bb1] Add text_branch_2.txt with Praesent ullamcorper content
 1 file changed, 1 insertion(+)
 create mode 100644 text_branch_2.txt

ad@LAPTOP-S9QOFJHD MINGW64 ~/OneDrive/Tài liệu/23_Nguyen_Thi_Thanh_Huong_BT_chuong_3/23_Nguyen_Thi_Thanh_Huong_BT_chuong_3 (branch_2)
$ git push origin branch_2
Enumerating objects: 4, done.
Counting objects: 100% (4/4), done.
Delta compression using up to 16 threads
Compressing objects: 100% (3/3), done.
Writing objects: 100% (3/3), 375 bytes | 375.00 KiB/s, done.
Total 3 (delta 0), reused 0 (delta 0), pack-reused 0 (from 0)
remote:
remote: Create a pull request for 'branch_2' on GitHub by visiting:
remote:      https://github.com/ntthuong25174600070/23_Nguyen_Thi_Thanh_Huong_BT_chuong_3/pull/new/branch_2
remote:
To https://github.com/ntthuong25174600070/23_Nguyen_Thi_Thanh_Huong_BT_chuong_3.git
 * [new branch]      branch_2 -> branch_2

ad@LAPTOP-S9QOFJHD MINGW64 ~/OneDrive/Tài liệu/23_Nguyen_Thi_Thanh_Huong_BT_chuong_3/23_Nguyen_Thi_Thanh_Huong_BT_chuong_3 (branch_2)
$ git checkout main
Switched to branch 'main'
Your branch is ahead of 'origin/main' by 1 commit.
  (use "git push" to publish your local commits)

ad@LAPTOP-S9QOFJHD MINGW64 ~/OneDrive/Tài liệu/23_Nguyen_Thi_Thanh_Huong_BT_chuong_3/23_Nguyen_Thi_Thanh_Huong_BT_chuong_3 (main)
$ git checkout -b branch_3
Switched to a new branch 'branch_3'

ad@LAPTOP-S9QOFJHD MINGW64 ~/OneDrive/Tài liệu/23_Nguyen_Thi_Thanh_Huong_BT_chuong_3/23_Nguyen_Thi_Thanh_Huong_BT_chuong_3 (branch_3)
$ echo "Integer sit amet nisi aliquam, tempor libero quis, cursus erat." > text_branch_3.txt
ad@LAPTOP-S9QOFJHD MINGW64 ~/OneDrive/Tài liệu/23_Nguyen_Thi_Thanh_Huong_BT_chuong_3/23_Nguyen_Thi_Thanh_Huong_BT_chuong_3 (branch_3)
$ git add text_branch_3.txt

ad@LAPTOP-S9QOFJHD MINGW64 ~/OneDrive/Tài liệu/23_Nguyen_Thi_Thanh_Huong_BT_chuong_3/23_Nguyen_Thi_Thanh_Huong_BT_chuong_3 (branch_3)
$
git commit -m "Add text_branch_3.txt with Integer sit amet content"
[branch_3 d3ade0f] Add text_branch_3.txt with Integer sit amet content
 1 file changed, 1 insertion(+)
 create mode 100644 text_branch_3.txt

ad@LAPTOP-S9QOFJHD MINGW64 ~/OneDrive/Tài liệu/23_Nguyen_Thi_Thanh_Huong_BT_chuong_3/23_Nguyen_Thi_Thanh_Huong_BT_chuong_3 (branch_3)
$ git push origin branch_3
Enumerating objects: 4, done.
Counting objects: 100% (4/4), done.
Delta compression using up to 16 threads
Compressing objects: 100% (3/3), done.
Writing objects: 100% (3/3), 380 bytes | 380.00 KiB/s, done.
Total 3 (delta 0), reused 0 (delta 0), pack-reused 0 (from 0)
remote:
remote: Create a pull request for 'branch_3' on GitHub by visiting:
remote:      https://github.com/ntthuong25174600070/23_Nguyen_Thi_Thanh_Huong_BT_chuong_3/pull/new/branch_3
remote:
To https://github.com/ntthuong25174600070/23_Nguyen_Thi_Thanh_Huong_BT_chuong_3.git
 * [new branch]      branch_3 -> branch_3

ad@LAPTOP-S9QOFJHD MINGW64 ~/OneDrive/Tài liệu/23_Nguyen_Thi_Thanh_Huong_BT_chuong_3/23_Nguyen_Thi_Thanh_Huong_BT_chuong_3 (branch_3)
$ git checkout main
Switched to branch 'main'
Your branch is ahead of 'origin/main' by 1 commit.
  (use "git push" to publish your local commits)

ad@LAPTOP-S9QOFJHD MINGW64 ~/OneDrive/Tài liệu/23_Nguyen_Thi_Thanh_Huong_BT_chuong_3/23_Nguyen_Thi_Thanh_Huong_BT_chuong_3 (main)
$ git checkout -b branch_4
Switched to a new branch 'branch_4'

ad@LAPTOP-S9QOFJHD MINGW64 ~/OneDrive/Tài liệu/23_Nguyen_Thi_Thanh_Huong_BT_chuong_3/23_Nguyen_Thi_Thanh_Huong_BT_chuong_3 (branch_4)
$ echo "Cras ac mi nec nisi porta ultrices sed non ante." > text_branch_4.txt
ad@LAPTOP-S9QOFJHD MINGW64 ~/OneDrive/Tài liệu/23_Nguyen_Thi_Thanh_Huong_BT_chuong_3/23_Nguyen_Thi_Thanh_Huong_BT_chuong_3 (branch_4)
$ git add text_branch_4.txt

ad@LAPTOP-S9QOFJHD MINGW64 ~/OneDrive/Tài liệu/23_Nguyen_Thi_Thanh_Huong_BT_chuong_3/23_Nguyen_Thi_Thanh_Huong_BT_chuong_3 (branch_4)
$ git commit -m "Add text_branch_4.txt with Cras ac mi content"
[branch_4 ca8679d] Add text_branch_4.txt with Cras ac mi content
 1 file changed, 1 insertion(+)
 create mode 100644 text_branch_4.txt

ad@LAPTOP-S9QOFJHD MINGW64 ~/OneDrive/Tài liệu/23_Nguyen_Thi_Thanh_Huong_BT_chuong_3/23_Nguyen_Thi_Thanh_Huong_BT_chuong_3 (branch_4)
$ git push origin branch_4
Enumerating objects: 4, done.
Counting objects: 100% (4/4), done.
Delta compression using up to 16 threads
Compressing objects: 100% (2/2), done.
Writing objects: 100% (3/3), 367 bytes | 367.00 KiB/s, done.
Total 3 (delta 0), reused 0 (delta 0), pack-reused 0 (from 0)
remote:
remote: Create a pull request for 'branch_4' on GitHub by visiting:
remote:      https://github.com/ntthuong25174600070/23_Nguyen_Thi_Thanh_Huong_BT_chuong_3/pull/new/branch_4
remote:
To https://github.com/ntthuong25174600070/23_Nguyen_Thi_Thanh_Huong_BT_chuong_3.git
 * [new branch]      branch_4 -> branch_4

ad@LAPTOP-S9QOFJHD MINGW64 ~/OneDrive/Tài liệu/23_Nguyen_Thi_Thanh_Huong_BT_chuong_3/23_Nguyen_Thi_Thanh_Huong_BT_chuong_3 (branch_4)
$ git checkout branch -a
error: unknown switch `a'
usage: git checkout [<options>] <branch>
   or: git checkout [<options>] [<branch>] -- <file>...

    -b <branch>           create and checkout a new branch
    -B <branch>           create/reset and checkout a branch
    -l                    create reflog for new branch
    --[no-]guess          second guess 'git checkout <no-such-branch>' (default)
    --[no-]overlay        use overlay mode (default)
    -q, --[no-]quiet      suppress progress reporting
    --[no-]recurse-submodules[=<checkout>]
                          control recursive updating of submodules
    --[no-]progress       force progress reporting
    -m, --[no-]merge      perform a 3-way merge with the new branch
    --[no-]conflict <style>
                          conflict style (merge, diff3, or zdiff3)
    -d, --[no-]detach     detach HEAD at named commit
    -t, --[no-]track[=(direct|inherit)]
                          set branch tracking configuration
    -f, --[no-]force      force checkout (throw away local modifications)
    --[no-]orphan <new-branch>
                          new unborn branch
    --[no-]overwrite-ignore
                          update ignored files (default)
    --[no-]ignore-other-worktrees
                          do not check if another worktree is using this branch
    -2, --ours            checkout our version for unmerged files
    -3, --theirs          checkout their version for unmerged files
    -p, --[no-]patch      select hunks interactively
    -U, --unified <n>     generate diffs with <n> lines context
    --inter-hunk-context <n>
                          show context between diff hunks up to the specified number of lines
    --[no-]ignore-skip-worktree-bits
                          do not limit pathspecs to sparse entries only
    --[no-]pathspec-from-file <file>
                          read pathspec from file
    --[no-]pathspec-file-nul
                          with --pathspec-from-file, pathspec elements are separated with NUL character


ad@LAPTOP-S9QOFJHD MINGW64 ~/OneDrive/Tài liệu/23_Nguyen_Thi_Thanh_Huong_BT_chuong_3/23_Nguyen_Thi_Thanh_Huong_BT_chuong_3 (branch_4)
$ git checkout main
Switched to branch 'main'
Your branch is ahead of 'origin/main' by 1 commit.
  (use "git push" to publish your local commits)
ad@LAPTOP-S9QOFJHD MINGW64 ~/OneDrive/Tài liệu/23_Nguyen_Thi_Thanh_Huong_BT_chuong_3/23_Nguyen_Thi_Thanh_Huong_BT_chuong_3 (main)
$ git branch
  branch_1
  branch_2
  branch_3
  branch_4
* main
ad@LAPTOP-S9QOFJHD MINGW64 ~/OneDrive/Tài liệu/23_Nguyen_Thi_Thanh_Huong_BT_chuong_3/23_Nguyen_Thi_Thanh_Huong_BT_chuong_3 (main)
$ git branch -D branch_4
Deleted branch branch_4 (was ca8679d).
ad@LAPTOP-S9QOFJHD MINGW64 ~/OneDrive/Tài liệu/23_Nguyen_Thi_Thanh_Huong_BT_chuong_3/23_Nguyen_Thi_Thanh_Huong_BT_chuong_3 (main)
$ git branch --list
  branch_1
  branch_2
  branch_3
* main

ad@LAPTOP-S9QOFJHD MINGW64 ~/OneDrive/Tài liệu/23_Nguyen_Thi_Thanh_Huong_BT_chuong_3/23_Nguyen_Thi_Thanh_Huong_BT_chuong_3 (main)
$ git checkout main
Already on 'main'
Your branch is ahead of 'origin/main' by 1 commit.
  (use "git push" to publish your local commits)

ad@LAPTOP-S9QOFJHD MINGW64 ~/OneDrive/Tài liệu/23_Nguyen_Thi_Thanh_Huong_BT_chuong_3/23_Nguyen_Thi_Thanh_Huong_BT_chuong_3 (main)
$ git pull
remote: Enumerating objects: 8, done.
remote: Counting objects: 100% (8/8), done.
remote: Compressing objects: 100% (6/6), done.
remote: Total 6 (delta 1), reused 0 (delta 0), pack-reused 0 (from 0)
Unpacking objects: 100% (6/6), 2.46 KiB | 86.00 KiB/s, done.
From https://github.com/ntthuong25174600070/23_Nguyen_Thi_Thanh_Huong_BT_chuong_3
   72865ca..8403f24  main       -> origin/main
Auto-merging README.md
CONFLICT (content): Merge conflict in README.md
Automatic merge failed; fix conflicts and then commit the result.

ad@LAPTOP-S9QOFJHD MINGW64 ~/OneDrive/Tài liệu/23_Nguyen_Thi_Thanh_Huong_BT_chuong_3/23_Nguyen_Thi_Thanh_Huong_BT_chuong_3 (main|MERGING)
$ mkdir main_folder

ad@LAPTOP-S9QOFJHD MINGW64 ~/OneDrive/Tài liệu/23_Nguyen_Thi_Thanh_Huong_BT_chuong_3/23_Nguyen_Thi_Thanh_Huong_BT_chuong_3 (main|MERGING)
$ echo "Content of main_txt_1.txt" > main_folder/main_txt_1.txt

ad@LAPTOP-S9QOFJHD MINGW64 ~/OneDrive/Tài liệu/23_Nguyen_Thi_Thanh_Huong_BT_chuong_3/23_Nguyen_Thi_Thanh_Huong_BT_chuong_3 (main|MERGING)
$ echo "Content of main_txt_2.txt" > main_folder/main_txt_2.txt
ad@LAPTOP-S9QOFJHD MINGW64 ~/OneDrive/Tài liệu/23_Nguyen_Thi_Thanh_Huong_BT_chuong_3/23_Nguyen_Thi_Thanh_Huong_BT_chuong_3 (main|MERGING)
$ echo "Content of main_txt_3.txt" > main_folder/main_txt_3.txt

ad@LAPTOP-S9QOFJHD MINGW64 ~/OneDrive/Tài liệu/23_Nguyen_Thi_Thanh_Huong_BT_chuong_3/23_Nguyen_Thi_Thanh_Huong_BT_chuong_3 (main|MERGING)
$ git add .
warning: in the working copy of 'main_folder/main_txt_1.txt', LF will be replaced by CRLF the next time Git touches it
warning: in the working copy of 'main_folder/main_txt_2.txt', LF will be replaced by CRLF the next time Git touches it
warning: in the working copy of 'main_folder/main_txt_3.txt', LF will be replaced by CRLF the next time Git touches it

ad@LAPTOP-S9QOFJHD MINGW64 ~/OneDrive/Tài liệu/23_Nguyen_Thi_Thanh_Huong_BT_chuong_3/23_Nguyen_Thi_Thanh_Huong_BT_chuong_3 (main|MERGING)
$ git add .

ad@LAPTOP-S9QOFJHD MINGW64 ~/OneDrive/Tài liệu/23_Nguyen_Thi_Thanh_Huong_BT_chuong_3/23_Nguyen_Thi_Thanh_Huong_BT_chuong_3 (main|MERGING)
$ git commit -m "Add main_folder with main_txt_1.txt, main_txt_2.txt, main_txt_3.txt"
[main 75e3e0c] Add main_folder with main_txt_1.txt, main_txt_2.txt, main_txt_3.txt

ad@LAPTOP-S9QOFJHD MINGW64 ~/OneDrive/Tài liệu/23_Nguyen_Thi_Thanh_Huong_BT_chuong_3/23_Nguyen_Thi_Thanh_Huong_BT_chuong_3 (main)
$ git push origin main
Enumerating objects: 11, done.
Counting objects: 100% (11/11), done.
Delta compression using up to 16 threads
Compressing objects: 100% (4/4), done.
Writing objects: 100% (7/7), 1.08 KiB | 368.00 KiB/s, done.
Total 7 (delta 0), reused 0 (delta 0), pack-reused 0 (from 0)
To https://github.com/ntthuong25174600070/23_Nguyen_Thi_Thanh_Huong_BT_chuong_3.git
   8403f24..75e3e0c  main -> main

ad@LAPTOP-S9QOFJHD MINGW64 ~/OneDrive/Tài liệu/23_Nguyen_Thi_Thanh_Huong_BT_chuong_3/23_Nguyen_Thi_Thanh_Huong_BT_chuong_3 (main)
$ git status
On branch main
Your branch is up to date with 'origin/main'.

nothing to commit, working tree clean

ad@LAPTOP-S9QOFJHD MINGW64 ~/OneDrive/Tài liệu/23_Nguyen_Thi_Thanh_Huong_BT_chuong_3/23_Nguyen_Thi_Thanh_Huong_BT_chuong_3 (main)
$ git checkout main
Already on 'main'
Your branch is up to date with 'origin/main'.

ad@LAPTOP-S9QOFJHD MINGW64 ~/OneDrive/Tài liệu/23_Nguyen_Thi_Thanh_Huong_BT_chuong_3/23_Nguyen_Thi_Thanh_Huong_BT_chuong_3 (main)
$ git pull
Already up to date.

ad@LAPTOP-S9QOFJHD MINGW64 ~/OneDrive/Tài liệu/23_Nguyen_Thi_Thanh_Huong_BT_chuong_3/23_Nguyen_Thi_Thanh_Huong_BT_chuong_3 (main)
$ git checkout branch_1
ad@LAPTOP-S9QOFJHD MINGW64 ~/OneDrive/Tài liệu/23_Nguyen_Thi_Thanh_Huong_BT_chuong_3/23_Nguyen_Thi_Thanh_Huong_BT_chuong_3 (branch_1)
$ git pull
There is no tracking information for the current branch.
Please specify which branch you want to merge with.
See git-pull(1) for details.

    git pull <remote> <branch>

If you wish to set tracking information for this branch you can do so with:

    git branch --set-upstream-to=origin/<branch> branch_1


ad@LAPTOP-S9QOFJHD MINGW64 ~/OneDrive/Tài liệu/23_Nguyen_Thi_Thanh_Huong_BT_chuong_3/23_Nguyen_Thi_Thanh_Huong_BT_chuong_3 (branch_1)
$ git checkout branch_2
Switched to branch 'branch_2'

ad@LAPTOP-S9QOFJHD MINGW64 ~/OneDrive/Tài liệu/23_Nguyen_Thi_Thanh_Huong_BT_chuong_3/23_Nguyen_Thi_Thanh_Huong_BT_chuong_3 (branch_2)
$ git pull
There is no tracking information for the current branch.
Please specify which branch you want to merge with.
See git-pull(1) for details.

    git pull <remote> <branch>

If you wish to set tracking information for this branch you can do so with:

    git branch --set-upstream-to=origin/<branch> branch_2


ad@LAPTOP-S9QOFJHD MINGW64 ~/OneDrive/Tài liệu/23_Nguyen_Thi_Thanh_Huong_BT_chuong_3/23_Nguyen_Thi_Thanh_Huong_BT_chuong_3 (branch_2)
$ git checkout branch_3
Switched to branch 'branch_3'

ad@LAPTOP-S9QOFJHD MINGW64 ~/OneDrive/Tài liệu/23_Nguyen_Thi_Thanh_Huong_BT_chuong_3/23_Nguyen_Thi_Thanh_Huong_BT_chuong_3 (branch_3)
$ git pull
There is no tracking information for the current branch.
Please specify which branch you want to merge with.
See git-pull(1) for details.

    git pull <remote> <branch>

If you wish to set tracking information for this branch you can do so with:

    git branch --set-upstream-to=origin/<branch> branch_3


ad@LAPTOP-S9QOFJHD MINGW64 ~/OneDrive/Tài liệu/23_Nguyen_Thi_Thanh_Huong_BT_chuong_3/23_Nguyen_Thi_Thanh_Huong_BT_chuong_3 (branch_3)
$ git checkout -b branch_4 origin/branch_4
branch 'branch_4' set up to track 'origin/branch_4'.
Switched to a new branch 'branch_4'

ad@LAPTOP-S9QOFJHD MINGW64 ~/OneDrive/Tài liệu/23_Nguyen_Thi_Thanh_Huong_BT_chuong_3/23_Nguyen_Thi_Thanh_Huong_BT_chuong_3 (branch_4)
$ git checkout branch_1
Switched to branch 'branch_1'

ad@LAPTOP-S9QOFJHD MINGW64 ~/OneDrive/Tài liệu/23_Nguyen_Thi_Thanh_Huong_BT_chuong_3/23_Nguyen_Thi_Thanh_Huong_BT_chuong_3 (branch_1)
$ git checkout -b branch_5
Switched to a new branch 'branch_5'
ad@LAPTOP-S9QOFJHD MINGW64 ~/OneDrive/Tài liệu/23_Nguyen_Thi_Thanh_Huong_BT_chuong_3/23_Nguyen_Thi_Thanh_Huong_BT_chuong_3 (branch_5)
$ echo "Etiam malesuada felis nulla, ac porta dui sollicitudin eget. Mauris hendrerit non metus eget pellentesque. Etiam ornare ante at pretium hendrerit. Proin molestie accumsan sapien, ac finibus libero lobortis quis. Praesent ac commodo eros. Nullam malesuada v el dui nec feugiat. Cras justo ipsum, scelerisque et elit vitae, porttitor tristique turpis. Nam ut hendrerit est. Nulla sed tincidunt nibh. Class aptent taciti sociosqu ad litora torquent per conubia nostra, per inceptos himenaeos. Quisque vitae egestas lacus. Phasellus turpis ante, euismod quis pellentesque et, pharetra id ligula. Vestibulum mattis sem ac ligula auctor viverra. Phasellus dignissim mollis leo, vitae tristique enim." > text_branch_1.txtad@LAPTOP-S9QOFJHD MINGW64 ~/OneDrive/Tài liệu/23_Nguyen_Thi_Thanh_Huong_BT_chuong_3/23_Nguyen_Thi_Thanh_Huong_BT_chuong_3 (branch_5)
$ git add text_branch_1.txt

ad@LAPTOP-S9QOFJHD MINGW64 ~/OneDrive/Tài liệu/23_Nguyen_Thi_Thanh_Huong_BT_chuong_3/23_Nguyen_Thi_Thanh_Huong_BT_chuong_3 (branch_5)
$ git commit -m "Update text_branch_1.txt with new Etiam malesuada content"
[branch_5 a59b7de] Update text_branch_1.txt with new Etiam malesuada content
 1 file changed, 1 insertion(+), 1 deletion(-)

ad@LAPTOP-S9QOFJHD MINGW64 ~/OneDrive/Tài liệu/23_Nguyen_Thi_Thanh_Huong_BT_chuong_3/23_Nguyen_Thi_Thanh_Huong_BT_chuong_3 (branch_5)
$ git push origin branch_5
Enumerating objects: 5, done.
Counting objects: 100% (5/5), done.
Delta compression using up to 16 threads
Compressing objects: 100% (3/3), done.
Writing objects: 100% (3/3), 707 bytes | 707.00 KiB/s, done.
Total 3 (delta 0), reused 0 (delta 0), pack-reused 0 (from 0)
remote:
remote: Create a pull request for 'branch_5' on GitHub by visiting:
remote:      https://github.com/ntthuong25174600070/23_Nguyen_Thi_Thanh_Huong_BT_chuong_3/pull/new/branch_5
remote:
To https://github.com/ntthuong25174600070/23_Nguyen_Thi_Thanh_Huong_BT_chuong_3.git
 * [new branch]      branch_5 -> branch_5

ad@LAPTOP-S9QOFJHD MINGW64 ~/OneDrive/Tài liệu/23_Nguyen_Thi_Thanh_Huong_BT_chuong_3/23_Nguyen_Thi_Thanh_Huong_BT_chuong_3 (branch_5)
$ git checkout branch_1
Switched to branch 'branch_1'

ad@LAPTOP-S9QOFJHD MINGW64 ~/OneDrive/Tài liệu/23_Nguyen_Thi_Thanh_Huong_BT_chuong_3/23_Nguyen_Thi_Thanh_Huong_BT_chuong_3 (branch_1)
$ git merge branch_5
Updating 34ed920..a59b7de
Fast-forward
 text_branch_1.txt | 2 +-
 1 file changed, 1 insertion(+), 1 deletion(-)

ad@LAPTOP-S9QOFJHD MINGW64 ~/OneDrive/Tài liệu/23_Nguyen_Thi_Thanh_Huong_BT_chuong_3/23_Nguyen_Thi_Thanh_Huong_BT_chuong_3 (branch_1)
$ git push -d branch_5
fatal: --delete doesn't make sense without any refs

ad@LAPTOP-S9QOFJHD MINGW64 ~/OneDrive/Tài liệu/23_Nguyen_Thi_Thanh_Huong_BT_chuong_3/23_Nguyen_Thi_Thanh_Huong_BT_chuong_3 (branch_1)
$ git push -d branch_5
fatal: --delete doesn't make sense without any refs

ad@LAPTOP-S9QOFJHD MINGW64 ~/OneDrive/Tài liệu/23_Nguyen_Thi_Thanh_Huong_BT_chuong_3/23_Nguyen_Thi_Thanh_Huong_BT_chuong_3 (branch_1)
$ git push origin --delete branch_5
To https://github.com/ntthuong25174600070/23_Nguyen_Thi_Thanh_Huong_BT_chuong_3.git
 - [deleted]         branch_5

ad@LAPTOP-S9QOFJHD MINGW64 ~/OneDrive/Tài liệu/23_Nguyen_Thi_Thanh_Huong_BT_chuong_3/23_Nguyen_Thi_Thanh_Huong_BT_chuong_3 (branch_1)
$ git branch -a
* branch_1
  branch_2
  branch_3
  branch_4
  branch_5
  main
  remotes/origin/HEAD -> origin/main
  remotes/origin/branch_1
  remotes/origin/branch_2
  remotes/origin/branch_3
  remotes/origin/branch_4
  remotes/origin/main

ad@LAPTOP-S9QOFJHD MINGW64 ~/OneDrive/Tài liệu/23_Nguyen_Thi_Thanh_Huong_BT_chuong_3/23_Nguyen_Thi_Thanh_Huong_BT_chuong_3 (main)
$ git checkout branch_1
Deletion of directory 'main_folder' failed. Should I try again? (y/n) n
Switched to branch 'branch_1'

ad@LAPTOP-S9QOFJHD MINGW64 ~/OneDrive/Tài liệu/23_Nguyen_Thi_Thanh_Huong_BT_chuong_3/23_Nguyen_Thi_Thanh_Huong_BT_chuong_3 (branch_1)
$ echo "nội dung file 1" > text_branch_1.txt

ad@LAPTOP-S9QOFJHD MINGW64 ~/OneDrive/Tài liệu/23_Nguyen_Thi_Thanh_Huong_BT_chuong_3/23_Nguyen_Thi_Thanh_Huong_BT_chuong_3 (branch_1)
$ git add text_branch_1.txt
warning: in the working copy of 'text_branch_1.txt', LF will be replaced by CRLF the next time Git touches it

ad@LAPTOP-S9QOFJHD MINGW64 ~/OneDrive/Tài liệu/23_Nguyen_Thi_Thanh_Huong_BT_chuong_3/23_Nguyen_Thi_Thanh_Huong_BT_chuong_3 (branch_1)
$ git add text_branch_1.txt

ad@LAPTOP-S9QOFJHD MINGW64 ~/OneDrive/Tài liệu/23_Nguyen_Thi_Thanh_Huong_BT_chuong_3/23_Nguyen_Thi_Thanh_Huong_BT_chuong_3 (branch_1)
$ git commit -m "Thêm file text_branch_1.txt"
[branch_1 167646b] Thêm file text_branch_1.txt
 1 file changed, 1 insertion(+), 1 deletion(-)

ad@LAPTOP-S9QOFJHD MINGW64 ~/OneDrive/Tài liệu/23_Nguyen_Thi_Thanh_Huong_BT_chuong_3/23_Nguyen_Thi_Thanh_Huong_BT_chuong_3 (branch_1)
$ git push origin branch_1
Enumerating objects: 8, done.
Counting objects: 100% (8/8), done.
Delta compression using up to 16 threads
Compressing objects: 100% (5/5), done.
Writing objects: 100% (6/6), 1004 bytes | 502.00 KiB/s, done.
Total 6 (delta 0), reused 0 (delta 0), pack-reused 0 (from 0)
To https://github.com/ntthuong25174600070/23_Nguyen_Thi_Thanh_Huong_BT_chuong_3.git
   34ed920..167646b  branch_1 -> branch_1

ad@LAPTOP-S9QOFJHD MINGW64 ~/OneDrive/Tài liệu/23_Nguyen_Thi_Thanh_Huong_BT_chuong_3/23_Nguyen_Thi_Thanh_Huong_BT_chuong_3 (branch_1)
$ gh pr create --base main --head branch_1 --title "Merge branch_1 into main" --body "Thêm text_branch_1.txt"
bash: gh: command not found

ad@LAPTOP-S9QOFJHD MINGW64 ~/OneDrive/Tài liệu/23_Nguyen_Thi_Thanh_Huong_BT_chuong_3/23_Nguyen_Thi_Thanh_Huong_BT_chuong_3 (branch_1)
$ gh pr merge --auto --merge
bash: gh: command not found

ad@LAPTOP-S9QOFJHD MINGW64 ~/OneDrive/Tài liệu/23_Nguyen_Thi_Thanh_Huong_BT_chuong_3/23_Nguyen_Thi_Thanh_Huong_BT_chuong_3 (branch_1)
$ git checkout main
Switched to branch 'main'
Your branch is up to date with 'origin/main'.

ad@LAPTOP-S9QOFJHD MINGW64 ~/OneDrive/Tài liệu/23_Nguyen_Thi_Thanh_Huong_BT_chuong_3/23_Nguyen_Thi_Thanh_Huong_BT_chuong_3 (main)
$ git pull origin main
From https://github.com/ntthuong25174600070/23_Nguyen_Thi_Thanh_Huong_BT_chuong_3
 * branch            main       -> FETCH_HEAD
Already up to date.

ad@LAPTOP-S9QOFJHD MINGW64 ~/OneDrive/Tài liệu/23_Nguyen_Thi_Thanh_Huong_BT_chuong_3/23_Nguyen_Thi_Thanh_Huong_BT_chuong_3 (main)
$ ls
23_Nguyen_Thi_Thanh_Huong_BT_chuong_3  main_folder/  README.md

